// Jest Snapshot v1, https://goo.gl/fbAQLP

exports[`Login renders correctly Matches snapshot 1`] = `
<div
  className="Login"
>
  <h2
    className="h2-login"
    data-testid="h2-login-test"
  >
    Zendesk Ticket Viewer
  </h2>
  <a
    className="login-link"
    data-testid="a-login-test"
    href="http://localhost:5000/oauth"
  >
     Login with Zendesk
  </a>
</div>
`;
